// Jest Snapshot v1, https://goo.gl/fbAQLP

exports[`Homepage matches snapshot 1`] = `
<DocumentFragment>
  <div
    class="container"
  >
    This is profile
    <p>
      User: 
    </p>
    <button>
      Logout
    </button>
  </div>
</DocumentFragment>
`;
